pb: <proto.Package "example.routeguide.RouteGuide">
